[backblue.gif]
[fade.gif]
[index.html]
[www.dd-partners.it/index.html]
[www.dd-partners.it/en/index.html]
[www.dd-partners.it/wp-content/cache/autoptimize/css/autoptimize_cbe94abe76cbf9653021e485cf44804e.css]
[www.dd-partners.it/xmlrpc0db0.php]
[www.dd-partners.it/en/feed/index.html]
[www.dd-partners.it/wp-includes/js/jquery/jqueryb8ff.js]
[www.dd-partners.it/en/comments/feed/index.html]
[www.dd-partners.it/wp-includes/wlwmanifest.xml]
[www.dd-partners.it/wp-json/index.html]
[www.dd-partners.it/it/index.html]
[www.dd-partners.it/wp-content/uploads/2016/06/logo-ok.png]
[www.dd-partners.it/wp-content/themes/lawyeria-lite/images/flags/it.png]
[www.dd-partners.it/wp-content/themes/lawyeria-lite/images/flags/en.png]
[www.dd-partners.it/wp-content/uploads/2016/06/P101-1.jpg]
[www.google-analytics.com/analytics.js]
[www.dd-partners.it/en/about-us/index.html]
[www.dd-partners.it/en/scope/index.html]
[www.dd-partners.it/en/index.html]
[www.dd-partners.it/en/scope/advice/index.html]
[www.dd-partners.it/en/scope/skills/index.html]
[www.dd-partners.it/wp-content/cache/autoptimize/js/autoptimize_d08593335ea9c9bcab28c36bf75ef9ef.js]
[www.dd-partners.it/en/scope/projects/index.html]
[www.dd-partners.it/wp-content/plugins/contact-form-7/images/ajax-loader.gif]
[www.dd-partners.it/en/contacts/index.html]
[www.dd-partners.it/en/scope/together-to-transform/index.html]
[www.dd-partners.it/wp-content/themes/lawyeria-lite/images/fancybox_sprite.png]
[www.dd-partners.it/wp-content/cache/autoptimize/css/autoptimize_cbe94abe76cbf9653021e485cf44804e.css]
[www.dd-partners.it/it/index.html]
[www.dd-partners.it/it/feed/index.html]
[www.dd-partners.it/it/comments/feed/index.html]
[www.dd-partners.it/it/chi-siamo/index.html]
[www.dd-partners.it/it/cosa-facciamo/index.html]
[www.dd-partners.it/it/cosa-facciamo/consulting/index.html]
[www.dd-partners.it/wp-json/oembed/1.0/embed6089.json]
[www.dd-partners.it/it/cosa-facciamo/areas-of-expertise/index.html]
[www.dd-partners.it/it/cosa-facciamo/delivered-projects/index.html]
[www.dd-partners.it/it/cosa-facciamo/together-2-transform/index.html]
[www.dd-partners.it/it/contatti/index.html]
[www.dd-partners.it/wp-json/oembed/1.0/embed8db5]
[www.dd-partners.it/wp-content/uploads/2016/06/heads-1024x398.png]
[www.dd-partners.it/en/about-us/index.html]
[www.dd-partners.it/wp-json/oembed/1.0/embedebd5.json]
[www.dd-partners.it/wp-content/cache/autoptimize/js/autoptimize_ef62b8d2afd4adf4b5cab5b366bfa7a1.js]
[www.dd-partners.it/wp-json/oembed/1.0/embed5618]
[www.dd-partners.it/en/scope/index.html]
[www.dd-partners.it/wp-json/oembed/1.0/embed9805.json]
[www.dd-partners.it/wp-json/oembed/1.0/embed96d8]
[www.dd-partners.it/en/scope/advice/index.html]
[www.dd-partners.it/wp-json/oembed/1.0/embed68dc.json]
[www.dd-partners.it/wp-json/oembed/1.0/embed4ee5]
[www.dd-partners.it/en/scope/skills/index.html]
[www.dd-partners.it/wp-json/oembed/1.0/embeda900.json]
[www.dd-partners.it/wp-json/oembed/1.0/embed002f]
[www.dd-partners.it/en/scope/projects/index.html]
[www.dd-partners.it/wp-json/oembed/1.0/embed2056.json]
[www.dd-partners.it/wp-json/oembed/1.0/embed3680]
[www.dd-partners.it/en/scope/together-to-transform/index.html]
[www.dd-partners.it/wp-json/oembed/1.0/embedba1b.json]
[www.dd-partners.it/wp-json/oembed/1.0/embedf30a]
[www.dd-partners.it/wp-content/uploads/2016/06/link.png]
[www.dd-partners.it/en/contacts/index.html]
[www.dd-partners.it/wp-content/themes/lawyeria-lite/images/fancybox_sprite.html]
[www.dd-partners.it/wp-json/oembed/1.0/embed345d.json]
[www.dd-partners.it/wp-json/oembed/1.0/embeddd85]
[www.dd-partners.it/it/chi-siamo/index.html]
[www.dd-partners.it/it/2016/10/25/il-cio/index.html]
[www.dd-partners.it/wp-json/oembed/1.0/embed9185.json]
[www.dd-partners.it/wp-json/oembed/1.0/embed2fd8]
[www.dd-partners.it/it/cosa-facciamo/index.html]
[www.dd-partners.it/wp-json/oembed/1.0/embed332b.json]
[www.dd-partners.it/wp-json/oembed/1.0/embedefe5]
[www.dd-partners.it/it/cosa-facciamo/consulting/index.html]
[www.dd-partners.it/wp-json/oembed/1.0/embeddbc2.json]
[www.dd-partners.it/wp-json/oembed/1.0/embedf040]
[www.dd-partners.it/it/cosa-facciamo/areas-of-expertise/index.html]
[www.dd-partners.it/wp-json/oembed/1.0/embed80a1.json]
[www.dd-partners.it/wp-json/oembed/1.0/embedc2dd]
[www.dd-partners.it/it/cosa-facciamo/delivered-projects/index.html]
[www.dd-partners.it/wp-json/oembed/1.0/embed4d0b.json]
[www.dd-partners.it/wp-json/oembed/1.0/embed0ea5]
[www.dd-partners.it/it/cosa-facciamo/together-2-transform/index.html]
[www.dd-partners.it/wp-json/oembed/1.0/embedd002.json]
[www.dd-partners.it/wp-json/oembed/1.0/embed32e2]
[www.dd-partners.it/it/contatti/index.html]
[www.dd-partners.it/index8902.html]
[www.dd-partners.it/devel/en/links/index.html]
[www.dd-partners.it/index2af5.html]
[www.dd-partners.it/indexe2aa.html]
[www.dd-partners.it/indexba86.html]
[www.dd-partners.it/index3e8e.html]
[www.dd-partners.it/index5cd0.html]
[www.dd-partners.it/index52e8.html]
[www.dd-partners.it/indexc471.html]
[www.dd-partners.it/devel/it/articoli/index.html]
[www.dd-partners.it/it/articoli/index.html]
[www.dd-partners.it/wp-json/oembed/1.0/embed2ff6.json]
[www.dd-partners.it/en/links/index.html]
[www.dd-partners.it/it/2016/10/25/il-cio/feed/index.html]
[www.dd-partners.it/wp-json/oembed/1.0/embed4658]
[www.dd-partners.it/it/2016/10/25/il-cio/index.html]
[www.dd-partners.it/devel/it/link-di-interesse/index.html]
[www.dd-partners.it/indexa1ca.html]
[www.dd-partners.it/index5401.html]
[www.dd-partners.it/index198a.html]
[www.dd-partners.it/indexdb4e.html]
[www.dd-partners.it/indexe6f0.html]
[www.dd-partners.it/index3ba0.html]
[www.dd-partners.it/wp-json/oembed/1.0/embed9185-2.json]
[www.dd-partners.it/it/link-di-interesse/index.html]
[www.dd-partners.it/wp-json/oembed/1.0/embed8278]
[www.dd-partners.it/en/links/index.html]
[www.dd-partners.it/wp-json/oembed/1.0/embed8b32.json]
[www.dd-partners.it/wp-json/oembed/1.0/embeda895]
[www.dd-partners.it/it/articoli/index.html]
[www.dd-partners.it/indexbbbb.html]
[www.dd-partners.it/en/articles/index.html]
[www.dd-partners.it/wp-json/oembed/1.0/embeddb9e.json]
[www.dd-partners.it/wp-json/oembed/1.0/embed316a]
[www.dd-partners.it/it/link-di-interesse/index.html]
[www.dd-partners.it/index17d3.html]
[www.dd-partners.it/index672e.html]
[www.dd-partners.it/wp-json/oembed/1.0/embedff4b.json]
[www.dd-partners.it/wp-json/oembed/1.0/embed44ff]
[www.dd-partners.it/en/articles/index.html]
[www.dd-partners.it/index1263.html]
[www.dd-partners.it/index5750.html]
